error: #[pin_project] attribute may not be used on #[repr(packed)] types
  --> $DIR/packed_sneaky-2.rs:4:1
   |
4  | / hidden_repr_macro! { //~ ERROR may not be used on #[repr(packed)] types
5  | |     #[pin_project]
6  | |     struct B {
7  | |         #[pin]
8  | |         field: u32,
9  | |     }
10 | | }
   | | ^ in this macro invocation
   | |_|
   |
